{"records":[{"key":{"uuid":"00000000-0000-0000-0000-000000000000"},"value":{"uuid":"00000000-0000-0000-0000-000000000000"}}],"key_schema":"{\"type\":\"record\",\"name\":\"RandomEvent\",\"namespace\":\"http4k\",\"doc\":\"Random event\",\"fields\":[{\"name\":\"uuid\",\"type\":{\"type\":\"string\",\"logicalType\":\"uuid\"},\"doc\":\"UUID\"}]}","value_schema":"{\"type\":\"record\",\"name\":\"RandomEvent\",\"namespace\":\"http4k\",\"doc\":\"Random event\",\"fields\":[{\"name\":\"uuid\",\"type\":{\"type\":\"string\",\"logicalType\":\"uuid\"},\"doc\":\"UUID\"}]}"}