{"records":[{"key":{"uuid":"00000000-0000-0000-0000-000000000000"},"value":{"instant":"1970-01-01T00:00:00Z","localDate":"1970-01-01","localDateTime":"-999999999-01-01T00:00:00","localTime":"00:00:00"}}],"key_schema":"{\"type\":\"record\",\"name\":\"RandomKey\",\"namespace\":\"http4k\",\"doc\":\"Random key\",\"fields\":[{\"name\":\"uuid\",\"type\":{\"type\":\"string\",\"logicalType\":\"uuid\"}}]}","value_schema":"{\"type\":\"record\",\"name\":\"RandomEvent\",\"namespace\":\"http4k\",\"doc\":\"Random event\",\"fields\":[{\"name\":\"localDate\",\"type\":{\"type\":\"int\",\"logicalType\":\"date\"}},{\"name\":\"localTime\",\"type\":{\"type\":\"int\",\"logicalType\":\"time-millis\"}},{\"name\":\"instant\",\"type\":{\"type\":\"long\",\"logicalType\":\"timestamp-millis\"}},{\"name\":\"localDateTime\",\"type\":{\"type\":\"long\",\"logicalType\":\"local-timestamp-millis\"}}]}"}